Microchip Technology Inc, v1.50 (B)

Tool Name:
  /opt/microchip/xc16/v1.50/bin/bin/../bin/elf-ld

Command:
  -p30F6014A \
  --mdfp=/home/jean-roch/.mchp_packs/Microchip/dsPIC30F_DFP/1.1.32/xc16 \
  -o \
  dist/default/production/jr_wav_music2.X.production.elf \
  -L/opt/microchip/xc16/v1.50/bin/bin/.. \
  -L/home/jean-roch/.mchp_packs/Microchip/dsPIC30F_DFP/1.1.32/xc16/bin/../support/dsPIC30F/gld \
  -L/opt/microchip/xc16/v1.50/bin/bin/../../lib \
  -L/opt/microchip/xc16/v1.50/bin/bin/../../support/PIC24E/gld \
  -L/opt/microchip/xc16/v1.50/bin/bin/../../support/PIC24F/gld \
  -L/opt/microchip/xc16/v1.50/bin/bin/../../support/PIC24H/gld \
  -L/opt/microchip/xc16/v1.50/bin/bin/../../support/dsPIC30F/gld \
  -L/opt/microchip/xc16/v1.50/bin/bin/../../support/dsPIC33C/gld \
  -L/opt/microchip/xc16/v1.50/bin/bin/../../support/dsPIC33E/gld \
  -L/opt/microchip/xc16/v1.50/bin/bin/../../support/dsPIC33F/gld \
  build/default/production/_ext/1472/e_I2C_master_module.o \
  build/default/production/_ext/1472/e_I2C_protocol.o \
  build/default/production/_ext/1472/e_ad_conv.o \
  build/default/production/_ext/1472/e_init_port.o \
  build/default/production/_ext/1472/e_led.o \
  build/default/production/_ext/1472/e_lsm330.o \
  build/default/production/_ext/1472/e_prox.o \
  build/default/production/_ext/1472/e_sound.o \
  build/default/production/_ext/1472/e_wav_music2.o \
  build/default/production/_ext/1472/main_c.o \
  build/default/production/_ext/1472/utility_mod3.o \
  build/default/production/_ext/1472/e_const_sound.o \
  build/default/production/_ext/1472/e_init_codec_slave.o \
  build/default/production/_ext/1472/e_init_dci_master.o \
  build/default/production/_ext/1472/e_isr_dci.o \
  build/default/production/_ext/1472/e_sub_dci_kickoff.o \
  build/default/production/_ext/1472/e_uart1_rx_char.o \
  build/default/production/_ext/1472/e_uart1_tx_char.o \
  build/default/production/_ext/1472/btcom.o \
  --defsym=__MPLAB_BUILD=1 \
  -Tp30F6014A.gld.00 \
  --stack=16 \
  --check-sections \
  --data-init \
  --pack-data \
  --handles \
  --isr \
  --no-gc-sections \
  --fill-upper=0 \
  --stackguard=16 \
  --no-force-link \
  --smart-io \
  -Map=dist/default/production/jr_wav_music2.X.production.map \
  --report-mem \
  --memorysummary \
  dist/default/production/memoryfile.xml \
  -start-group \
  --library=lega-pic30-elf \
  --library=m-elf \
  --library=lega-c-elf \
  -end-group \


Optional library libp30F6014A.a not found
Archive member included because of file (symbol)

/opt/microchip/xc16/v1.50/bin/bin/../../lib/liblega-pic30-elf.a(crt0_standard.o)
                              (__resetPRI)
/opt/microchip/xc16/v1.50/bin/bin/../../lib/liblega-pic30-elf.a(data_init_standard.o)
                              /opt/microchip/xc16/v1.50/bin/bin/../../lib/liblega-pic30-elf.a(crt0_standard.o) (__data_init_standard)
/opt/microchip/xc16/v1.50/bin/bin/../../lib/liblega-pic30-elf.a(crt_start_mode_normal.Leo)
                              (__crt_start_mode_normal)
/opt/microchip/xc16/v1.50/bin/bin/../../lib/libm-elf.a(addsf3.eo)
                              build/default/production/_ext/1472/e_wav_music2.o (___subsf3)
/opt/microchip/xc16/v1.50/bin/bin/../../lib/libm-elf.a(divsf3.eo)
                              build/default/production/_ext/1472/e_prox.o (___divsf3)
/opt/microchip/xc16/v1.50/bin/bin/../../lib/libm-elf.a(fgtge.eo)
                              build/default/production/_ext/1472/e_wav_music2.o (___gtsf2)
/opt/microchip/xc16/v1.50/bin/bin/../../lib/libm-elf.a(fixsfsi.eo)
                              build/default/production/_ext/1472/e_prox.o (_(float, int, long long, short, float, short, int))
/opt/microchip/xc16/v1.50/bin/bin/../../lib/libm-elf.a(fixunssfsi.eo)
                              build/default/production/_ext/1472/utility_mod3.o (___fixunssfsi)
/opt/microchip/xc16/v1.50/bin/bin/../../lib/libm-elf.a(floatsisf.eo)
                              build/default/production/_ext/1472/e_lsm330.o (___floatsisf)
/opt/microchip/xc16/v1.50/bin/bin/../../lib/libm-elf.a(floatunsisf.eo)
                              build/default/production/_ext/1472/utility_mod3.o (___floatunsisf)
/opt/microchip/xc16/v1.50/bin/bin/../../lib/libm-elf.a(fpack.eo)
                              /opt/microchip/xc16/v1.50/bin/bin/../../lib/libm-elf.a(addsf3.eo) (__fpack)
/opt/microchip/xc16/v1.50/bin/bin/../../lib/libm-elf.a(funpack.eo)
                              /opt/microchip/xc16/v1.50/bin/bin/../../lib/libm-elf.a(fixsfsi.eo) (__funpack)
/opt/microchip/xc16/v1.50/bin/bin/../../lib/libm-elf.a(funpack2.eo)
                              /opt/microchip/xc16/v1.50/bin/bin/../../lib/libm-elf.a(addsf3.eo) (__funpack2)
/opt/microchip/xc16/v1.50/bin/bin/../../lib/libm-elf.a(futil.eo)
                              /opt/microchip/xc16/v1.50/bin/bin/../../lib/libm-elf.a(addsf3.eo) (__fPropagateNaN)
/opt/microchip/xc16/v1.50/bin/bin/../../lib/libm-elf.a(mulsf3.eo)
[...]
Memory Configuration

Name             Origin             Length             Attributes
data             0x000800           0x002000           a !xr
reset            0x000000           0x000004  
ivt              0x000004           0x00007c  
_reserved        0x000080           0x000004  
aivt             0x000084           0x00007c  
program          0x000100           0x017f00           xr
eedata           0x7ff000           0x001000  
FUID0            0x8005c0           0x000002  
FUID1            0x8005c2           0x000002  
FUID2            0x8005c4           0x000002  
FUID3            0x8005c6           0x000002  
FOSC             0xf80000           0x000002  
FWDT             0xf80002           0x000002  
FBORPOR          0xf80004           0x000002  
FBS              0xf80006           0x000002  
FSS              0xf80008           0x000002  
FGS              0xf8000a           0x000002  
FICD             0xf8000c           0x000002  
*default*        0x000000           0xffffffffffffffff  

Linker script and memory map

LOAD build/default/production/_ext/1472/e_I2C_master_module.o
LOAD build/default/production/_ext/1472/e_I2C_protocol.o
LOAD build/default/production/_ext/1472/e_ad_conv.o
LOAD build/default/production/_ext/1472/e_init_port.o
LOAD build/default/production/_ext/1472/e_led.o
LOAD build/default/production/_ext/1472/e_lsm330.o
LOAD build/default/production/_ext/1472/e_prox.o
LOAD build/default/production/_ext/1472/e_sound.o
LOAD build/default/production/_ext/1472/e_wav_music2.o
LOAD build/default/production/_ext/1472/main_c.o
LOAD build/default/production/_ext/1472/utility_mod3.o
LOAD build/default/production/_ext/1472/e_const_sound.o
LOAD build/default/production/_ext/1472/e_init_codec_slave.o
LOAD build/default/production/_ext/1472/e_init_dci_master.o
LOAD build/default/production/_ext/1472/e_isr_dci.o
LOAD build/default/production/_ext/1472/e_sub_dci_kickoff.o
LOAD build/default/production/_ext/1472/e_uart1_rx_char.o
LOAD build/default/production/_ext/1472/e_uart1_tx_char.o
LOAD build/default/production/_ext/1472/btcom.o
                    0x0001                  __MPLAB_BUILD = 0x1
LOAD p30F6014A
LOAD /opt/microchip/xc16/v1.50/bin/bin/../../lib/libfx-elf.a
                    0x8005c0                  __FUID0 = 0x8005c0
                    0x8005c2                  __FUID1 = 0x8005c2
                    0x8005c4                  __FUID2 = 0x8005c4
                    0x8005c6                  __FUID3 = 0x8005c6
                    0xf80000                  __FOSC = 0xf80000
                    0xf80002                  __FWDT = 0xf80002
                    0xf80004                  __FBORPOR = 0xf80004
                    0xf80006                  __FBS = 0xf80006
                    0xf80008                  __FSS = 0xf80008
                    0xf8000a                  __FGS = 0xf8000a
                    0xf8000c                  __FICD = 0xf8000c
                    0x0100                  __CODE_BASE = 0x100
                    0x17f00                  __CODE_LENGTH = 0x17f00
                    0x0004                  __IVT_BASE = 0x4
                    0x0084                  __AIVT_BASE = 0x84
                    0x0800                  __DATA_BASE = 0x800
                    0x2000                  __DATA_LENGTH = 0x2000
                    0x1800                  __YDATA_BASE = 0x1800

.reset            0x000000          0x4
                  0x000000          0x2 SHORT 0x100 ABSOLUTE (__reset)
                  0x000001          0x2 SHORT 0x4
                  0x000002          0x2 SHORT 0x0 ((ABSOLUTE (__reset) >> 0x10) & 0x7f)
                  0x000003          0x2 SHORT 0x0

.text             0x000100       0x21ba
 *(.init)
 .init            0x000100         0x4c /opt/microchip/xc16/v1.50/bin/bin/../../lib/liblega-pic30-elf.a(crt0_standard.o)
                  0x000100                  __reset
                  0x000100                  __resetPRI
                  0x00013c                  __psv_init
 .init            0x00014c         0x7c /opt/microchip/xc16/v1.50/bin/bin/../../lib/liblega-pic30-elf.a(data_init_standard.o)
                  0x000152                  __data_init
                  0x000152                  __data_init_standard
 *(.user_init)
 *(.handle)
 .handle          0x0001c8          0x4 jump_table
 *(.isr*)
 .isr.text        0x0001cc         0x16 build/default/production/_ext/1472/e_I2C_master_module.o
                  0x0001cc                  __MI2CInterrupt
 .isr.text        0x0001e2        0x414 build/default/production/_ext/1472/e_ad_conv.o
                  0x0001e2                  __ADCInterrupt
 .isr             0x0005f6          0x4 default_isr
                  0x0005f6                  __DefaultInterrupt
 *(.libc)
 *(.libm)
 *(.libdsp)
 *(.lib*)
 .libpic30_crt_start_mode
                  0x0005fa          0x2 /opt/microchip/xc16/v1.50/bin/bin/../../lib/liblega-pic30-elf.a(crt_start_mode_normal.Leo)
                  0x0005fa                  __crt_start_mode_normal
                  0x0005fa                  __crt_start_mode
 .libm.subsf3     0x0005fc         0xbc /opt/microchip/xc16/v1.50/bin/bin/../../lib/libm-elf.a(addsf3.eo)
                  0x0005fc                  ___subsf3
                  0x0005fe                  ___addsf3
 .libm.divfs3     0x0006b8         0x84 /opt/microchip/xc16/v1.50/bin/bin/../../lib/libm-elf.a(divsf3.eo)
                  0x0006b8                  ___divsf3
 .libm.gtsf2      0x00073c          0x4 /opt/microchip/xc16/v1.50/bin/bin/../../lib/libm-elf.a(fgtge.eo)
                  0x00073c                  ___gtsf2
                  0x00073c                  ___gesf2
 .libm.fixsfsi    0x000740         0x42 /opt/microchip/xc16/v1.50/bin/bin/../../lib/libm-elf.a(fixsfsi.eo)
                  0x000740                  _(float, int, long long, short, float, short, int)
 .libm.fixunssfsi
                  0x000782         0x36 /opt/microchip/xc16/v1.50/bin/bin/../../lib/libm-elf.a(fixunssfsi.eo)
                  0x000782                  ___fixunssfsi
 .libm.floatsisf
                  0x0007b8          0x6 /opt/microchip/xc16/v1.50/bin/bin/../../lib/libm-elf.a(floatsisf.eo)
                  0x0007b8                  ___floatsisf
 .libm.floatunsisf
                  0x0007be          0x4 /opt/microchip/xc16/v1.50/bin/bin/../../lib/libm-elf.a(floatunsisf.eo)
                  0x0007be                  ___floatunsisf
 .libm.fpack      0x0007c2         0x4c /opt/microchip/xc16/v1.50/bin/bin/../../lib/libm-elf.a(fpack.eo)
                  0x0007c2                  __fpack
 .libm.funpack    0x00080e         0x2a /opt/microchip/xc16/v1.50/bin/bin/../../lib/libm-elf.a(funpack.eo)
                  0x00080e                  __funpack
 .libm.funpack2
                  0x000838         0x10 /opt/microchip/xc16/v1.50/bin/bin/../../lib/libm-elf.a(funpack2.eo)
                  0x000838                  __funpack2
 .libm.fPropagateNaN
                  0x000848         0x12 /opt/microchip/xc16/v1.50/bin/bin/../../lib/libm-elf.a(futil.eo)
                  0x000848                  __fPropagateNaN
 .libm.fbobExit
                  0x00085a          0x8 /opt/microchip/xc16/v1.50/bin/bin/../../lib/libm-elf.a(futil.eo)
                  0x00085a                  __fbopExit
 .libm.fbopReturnNaN
                  0x000862          0x6 /opt/microchip/xc16/v1.50/bin/bin/../../lib/libm-elf.a(futil.eo)
                  0x000862                  __fbopReturnNaN
 .libm.mulsf3     0x000868         0x68 /opt/microchip/xc16/v1.50/bin/bin/../../lib/libm-elf.a(mulsf3.eo)
                  0x000868                  ___mulsf3
 .libm.powf       0x0008d0        0x1c6 /opt/microchip/xc16/v1.50/bin/bin/../../lib/libm-elf.a(powf.eo)
                  0x0008d0                  _powf
 .libm.frexpf     0x000a96         0x1a /opt/microchip/xc16/v1.50/bin/bin/../../lib/libm-elf.a(_frexpf.eo)
                  0x000a96                  __frexpf
 .libm.expf       0x000ab0         0xc4 /opt/microchip/xc16/v1.50/bin/bin/../../lib/libm-elf.a(expf.eo)
                  0x000ab0                  _expf
 .libm.fchop      0x000b74         0x4e /opt/microchip/xc16/v1.50/bin/bin/../../lib/libm-elf.a(fchop.eo)
                  0x000b74                  __fchop
 .libm.fcompare
                  0x000bc2         0x36 /opt/microchip/xc16/v1.50/bin/bin/../../lib/libm-elf.a(fcompare.eo)
                  0x000bc2                  __fcompare
 .libm.eqsf2      0x000bf8          0x4 /opt/microchip/xc16/v1.50/bin/bin/../../lib/libm-elf.a(feqltle.eo)
                  0x000bf8                  ___lesf2
                  0x000bf8                  ___eqsf2
                  0x000bf8                  ___ltsf2
 .libm.floatdisf
                  0x000bfc         0x20 /opt/microchip/xc16/v1.50/bin/bin/../../lib/libm-elf.a(floatdisf.eo)
                  0x000bfc                  ___floatdisf
 .libm.floatundisf
                  0x000c1c         0x5e /opt/microchip/xc16/v1.50/bin/bin/../../lib/libm-elf.a(floatundisf.eo)
                  0x000c1c                  ___floatundisf
 .libm.ldexpf     0x000c7a         0x44 /opt/microchip/xc16/v1.50/bin/bin/../../lib/libm-elf.a(ldexpf.eo)
                  0x000c7a                  _ldexpf
 .libm.logf       0x000cbe         0xae /opt/microchip/xc16/v1.50/bin/bin/../../lib/libm-elf.a(logf.eo)
                  0x000cbe                  _logf
 .libc.strlen     0x000d6c          0xc /opt/microchip/xc16/v1.50/bin/bin/../../lib/liblega-c-elf.a(strlen.XX_eo)
                  0x000d6c                  _strlen
 .libc.prout      0x000d78          0xe /opt/microchip/xc16/v1.50/bin/bin/../../lib/liblega-c-elf.a(sprintf_cdfFnopuxX.XXeo)
                  0x000d78                  sprintf_cdfFnopuxX.XXeo:_prout
 .libc._sprintf_cdfFnopuxX
                  0x000d86         0x1e /opt/microchip/xc16/v1.50/bin/bin/../../lib/liblega-c-elf.a(sprintf_cdfFnopuxX.XXeo)
                  0x000d86                  __sprintf_cdfFnopuxX
                  0x000d86                  __sprintf_cdnopuxX
 .libc.__Printf_cdfFnopuxX
                  0x000da4        0x164 /opt/microchip/xc16/v1.50/bin/bin/../../lib/liblega-c-elf.a(xprintf_cdfFnopuxX.XXeo)
                  0x000da4                  ___Printf_cdfFnopuxX
                  0x000da4                  ___Printf_cdnopuxX
 .libc.__Putfld_cdfFnopuxX
                  0x000f08        0x2a6 /opt/microchip/xc16/v1.50/bin/bin/../../lib/liblega-c-elf.a(xputfld_cdfFnopuxX.XXeo)
                  0x000f08                  ___Putfld_cdnopuxX
                  0x000f08                  ___Putfld_cdfFnopuxX
 .libc.__Ldtob_cdfFnopuxX
                  0x0011ae        0x250 /opt/microchip/xc16/v1.50/bin/bin/../../lib/liblega-c-elf.a(xldtob_cdfFnopuxX.XXeo)
                  0x0011ae                  ___Ldtob_cdfFnopuxX
 .libc.__Genld_cdfFnopuxX
                  0x0013fe        0x208 /opt/microchip/xc16/v1.50/bin/bin/../../lib/liblega-c-elf.a(xgenld_cdfFnopuxX.XXeo)
                  0x0013fe                  ___Genld_cdfFnopuxX
 .libc.div        0x001606         0x16 /opt/microchip/xc16/v1.50/bin/bin/../../lib/liblega-c-elf.a(div.XX_eo)
                  0x001606                  _div
 .libc.ldiv       0x00161c         0x2a /opt/microchip/xc16/v1.50/bin/bin/../../lib/liblega-c-elf.a(ldiv.XX_eo)
                  0x00161c                  _ldiv
 .libc.memcpy     0x001646          0xe /opt/microchip/xc16/v1.50/bin/bin/../../lib/liblega-c-elf.a(memcpy.XX_eo)
                  0x001646                  _memcpy
 .libc.strchr     0x001654         0x18 /opt/microchip/xc16/v1.50/bin/bin/../../lib/liblega-c-elf.a(strchr.XX_eo)
                  0x001654                  _strchr
 .libc._LDunscale
                  0x00166c         0x54 /opt/microchip/xc16/v1.50/bin/bin/../../lib/liblega-c-elf.a(xldunsca.XX_eo)
                  0x00166c                  __LDunscale
 .libc._Litob     0x0016c0        0x25e /opt/microchip/xc16/v1.50/bin/bin/../../lib/liblega-c-elf.a(xlitob.XX_eo)
                  0x0016c0                  __Litob
 .libc._Puttxt    0x00191e        0x178 /opt/microchip/xc16/v1.50/bin/bin/../../lib/liblega-c-elf.a(xputtxt.XX_eo)
                  0x00191e                  __Puttxt
 .libc._Vacopy    0x001a96          0x4 /opt/microchip/xc16/v1.50/bin/bin/../../lib/liblega-c-elf.a(xvacopy.XX_eo)
                  0x001a96                  __Vacopy
 .libc._Dnorm     0x001a9a         0x98 /opt/microchip/xc16/v1.50/bin/bin/../../lib/liblega-c-elf.a(xdnorm.XX_elo)
                  0x001a9a                  __Dnorm
 .libm.eqdf2      0x001b32          0xa /opt/microchip/xc16/v1.50/bin/bin/../../lib/libm-elf.a(deqltle.eo)
                  0x001b32                  ___ledf2
                  0x001b32                  ___eqdf2
                  0x001b32                  ___ltdf2
 .libm.gtdf2      0x001b3c          0xa /opt/microchip/xc16/v1.50/bin/bin/../../lib/libm-elf.a(dgtge.eo)
                  0x001b3c                  ___gedf2
                  0x001b3c                  ___gtdf2
 .libm.divdf3     0x001b46         0xb4 /opt/microchip/xc16/v1.50/bin/bin/../../lib/libm-elf.a(divdf3.eo)
                  0x001b46                  ___divdf3
 .libm.divsi3     0x001bfa         0x1e /opt/microchip/xc16/v1.50/bin/bin/../../lib/libm-elf.a(divsi3.eo)
                  0x001bfa                  ___divsi3
 .libm.dpack      0x001c18         0x58 /opt/microchip/xc16/v1.50/bin/bin/../../lib/libm-elf.a(dpack.eo)
                  0x001c18                  __dpack
 .libm.dunpack2
                  0x001c70         0x32 /opt/microchip/xc16/v1.50/bin/bin/../../lib/libm-elf.a(dunpack2.eo)
                  0x001c70                  __dunpack2
                  0x001c92                  __dreturnNaN
                  0x001c98                  __dunpack2exit
 .libm.extendsfdf2
                  0x001ca2         0x3e /opt/microchip/xc16/v1.50/bin/bin/../../lib/libm-elf.a(extendsfdf.eo)
                  0x001ca2                  ___extendsfdf2
 .libm.fixdfsi    0x001ce0         0x58 /opt/microchip/xc16/v1.50/bin/bin/../../lib/libm-elf.a(fixdfsi.eo)
                  0x001ce0                  _(float, int, long long, double, float, short, int)
 .libm.floatsidf
                  0x001d38          0x6 /opt/microchip/xc16/v1.50/bin/bin/../../lib/libm-elf.a(floatsidf.eo)
                  0x001d38                  ___floatsidf
 *fill*           0x001d3e          0x400
 .libm.muldf3     0x001d40         0xec /opt/microchip/xc16/v1.50/bin/bin/../../lib/libm-elf.a(muldf3.eo)
                  0x001d40                  ___muldf3
 .libm.subdf3     0x001e2c          0x4 /opt/microchip/xc16/v1.50/bin/bin/../../lib/libm-elf.a(subdf3.eo)
                  0x001e2c                  ___subdf3
 .libm.udivsi3    0x001e30         0x20 /opt/microchip/xc16/v1.50/bin/bin/../../lib/libm-elf.a(udivsi3.eo)
                  0x001e30                  ___udivsi3
 .libm.umodsi3    0x001e50          0x6 /opt/microchip/xc16/v1.50/bin/bin/../../lib/libm-elf.a(umodsi3.eo)
                  0x001e50                  ___umodsi3
 .libm.mulsi3     0x001e56          0xc /opt/microchip/xc16/v1.50/bin/bin/../../lib/libm-elf.a(mulsi3.eo)
                  0x001e56                  ___mulp32eds3
                  0x001e56                  ___mulp32peds3
                  0x001e56                  ___mulsi3
 .libm.__PplusBdi
                  0x001e62         0x26 /opt/microchip/xc16/v1.50/bin/bin/../../lib/libm-elf.a(divmoddi3.eo)
 .libm.__PminusBdi
                  0x001e88         0x26 /opt/microchip/xc16/v1.50/bin/bin/../../lib/libm-elf.a(divmoddi3.eo)
 .libm.__udivmoddi3
                  0x001eae         0xe6 /opt/microchip/xc16/v1.50/bin/bin/../../lib/libm-elf.a(divmoddi3.eo)
                  0x001eae                  ___udivmoddi3
 .libm.__udivdi3
                  0x001f94          0xe /opt/microchip/xc16/v1.50/bin/bin/../../lib/libm-elf.a(divmoddi3.eo)
                  0x001f94                  ___udivdi3
 .libm.__umoddi3
                  0x001fa2          0x8 /opt/microchip/xc16/v1.50/bin/bin/../../lib/libm-elf.a(divmoddi3.eo)
                  0x001fa2                  ___umoddi3
 .libm.__divdi3
                  0x001faa         0x60 /opt/microchip/xc16/v1.50/bin/bin/../../lib/libm-elf.a(divmoddi3.eo)
                  0x001faa                  ___divdi3
 .libm.__moddi3
                  0x00200a         0x5c /opt/microchip/xc16/v1.50/bin/bin/../../lib/libm-elf.a(divmoddi3.eo)
                  0x00200a                  ___moddi3
 *fill*           0x002066          0x400
 .libm.adddf3     0x002068         0xfc /opt/microchip/xc16/v1.50/bin/bin/../../lib/libm-elf.a(adddf3.eo)
                  0x002068                  ___adddf3
 .libm.dcompare
                  0x002164         0x52 /opt/microchip/xc16/v1.50/bin/bin/../../lib/libm-elf.a(dcompare.eo)
                  0x002164                  __dcompare
 .libm.dPropagateNaN
                  0x0021b6         0x1c /opt/microchip/xc16/v1.50/bin/bin/../../lib/libm-elf.a(dpropagateNaN.eo)
                  0x0021b6                  __dPropagateNaN
 .libm.dtype      0x0021d2         0x24 /opt/microchip/xc16/v1.50/bin/bin/../../lib/libm-elf.a(dtype.eo)
                  0x0021d2                  __dtype
 .libm.dunpack    0x0021f6         0x4e /opt/microchip/xc16/v1.50/bin/bin/../../lib/libm-elf.a(dunpack.eo)
                  0x0021f6                  __dunpack
 .libm.floatdidf
                  0x002244         0x20 /opt/microchip/xc16/v1.50/bin/bin/../../lib/libm-elf.a(floatdidf.eo)
                  0x002244                  ___floatdidf
 .libm.floatundidf
                  0x002264         0x56 /opt/microchip/xc16/v1.50/bin/bin/../../lib/libm-elf.a(floatundidf.eo)
                  0x002264                  ___floatundidf

usercode
 *(usercode)

__FUID0
 *(__FUID0.sec*)

__FUID1
 *(__FUID1.sec*)

__FUID2
 *(__FUID2.sec*)

__FUID3
 *(__FUID3.sec*)

__FOSC
 *(__FOSC.sec*)

__FWDT
 *(__FWDT.sec*)

__FBORPOR
 *(__FBORPOR.sec*)

__FBS             0xf80006          0x2
 *(__FBS.sec*)
 __FBS.sec        0xf80006          0x2 /CW/_FBSè¨œ
                  0xf80006                  __FBS.sec

__FSS             0xf80008          0x2
 *(__FSS.sec*)
 __FSS.sec        0xf80008          0x2 /CW/_FSShú›
                  0xf80008                  __FSS.sec

__FGS             0xf8000a          0x2
 *(__FGS.sec*)
 __FGS.sec        0xf8000a          0x2 /CW/_FGSxê›
                  0xf8000a                  __FGS.sec

__FICD
 *(__FICD.sec*)

user_eedata
 *(user_eedata)

userdata
 *(userdata)

.comment
 *(.comment)

.debug_info       0x000000       0x599b
 *(.debug_info)
 .debug_info      0x000000        0xca4 build/default/production/_ext/1472/e_I2C_master_module.o
 .debug_info      0x000ca4        0x27c build/default/production/_ext/1472/e_I2C_protocol.o
 .debug_info      0x000f20       0x149a build/default/production/_ext/1472/e_ad_conv.o
 .debug_info      0x0023ba        0xd37 build/default/production/_ext/1472/e_init_port.o
 .debug_info      0x0030f1        0x3d4 build/default/production/_ext/1472/e_led.o
 .debug_info      0x0034c5        0x677 build/default/production/_ext/1472/e_lsm330.o
 .debug_info      0x003b3c        0x2b5 build/default/production/_ext/1472/e_prox.o
 .debug_info      0x003df1        0x2df build/default/production/_ext/1472/e_sound.o
 .debug_info      0x0040d0        0x8fe build/default/production/_ext/1472/e_wav_music2.o
 .debug_info      0x0049ce        0x173 build/default/production/_ext/1472/main_c.o
 .debug_info      0x004b41        0x74b build/default/production/_ext/1472/utility_mod3.o
 .debug_info      0x00528c         0xb8 build/default/production/_ext/1472/e_init_codec_slave.o
 .debug_info      0x005344         0xb7 build/default/production/_ext/1472/e_init_dci_master.o
 .debug_info      0x0053fb         0xaf build/default/production/_ext/1472/e_isr_dci.o
 .debug_info      0x0054aa         0xb7 build/default/production/_ext/1472/e_sub_dci_kickoff.o
 .debug_info      0x005561         0xb5 build/default/production/_ext/1472/e_uart1_rx_char.o
 .debug_info      0x005616         0xb5 build/default/production/_ext/1472/e_uart1_tx_char.o
 .debug_info      0x0056cb        0x2d0 build/default/production/_ext/1472/btcom.o
 *(.gnu.linkonce.wi.*)

.debug_abbrev     0x000000        0xbc0
 *(.debug_abbrev)
 .debug_abbrev    0x000000        0x1ad build/default/production/_ext/1472/e_I2C_master_module.o
 .debug_abbrev    0x0001ad         0x91 build/default/production/_ext/1472/e_I2C_protocol.o
 .debug_abbrev    0x00023e        0x14e build/default/production/_ext/1472/e_ad_conv.o
 .debug_abbrev    0x00038c         0xe7 build/default/production/_ext/1472/e_init_port.o
 .debug_abbrev    0x000473         0xb0 build/default/production/_ext/1472/e_led.o
 .debug_abbrev    0x000523        0x115 build/default/production/_ext/1472/e_lsm330.o
 .debug_abbrev    0x000638         0x8e build/default/production/_ext/1472/e_prox.o
 .debug_abbrev    0x0006c6         0xbf build/default/production/_ext/1472/e_sound.o
 .debug_abbrev    0x000785        0x132 build/default/production/_ext/1472/e_wav_music2.o
 .debug_abbrev    0x0008b7         0x43 build/default/production/_ext/1472/main_c.o
 .debug_abbrev    0x0008fa        0x1ca build/default/production/_ext/1472/utility_mod3.o
 .debug_abbrev    0x000ac4         0x14 build/default/production/_ext/1472/e_init_codec_slave.o
 .debug_abbrev    0x000ad8         0x14 build/default/production/_ext/1472/e_init_dci_master.o
 .debug_abbrev    0x000aec         0x14 build/default/production/_ext/1472/e_isr_dci.o
 .debug_abbrev    0x000b00         0x14 build/default/production/_ext/1472/e_sub_dci_kickoff.o
 .debug_abbrev    0x000b14         0x14 build/default/production/_ext/1472/e_uart1_rx_char.o
 .debug_abbrev    0x000b28         0x14 build/default/production/_ext/1472/e_uart1_tx_char.o
 .debug_abbrev    0x000b3c         0x84 build/default/production/_ext/1472/btcom.o

.debug_line       0x000000       0x1098
 *(.debug_line)
 .debug_line      0x000000        0x18d build/default/production/_ext/1472/e_I2C_master_module.o
 .debug_line      0x00018d         0x76 build/default/production/_ext/1472/e_I2C_protocol.o
 .debug_line      0x000203        0x1ef build/default/production/_ext/1472/e_ad_conv.o
 .debug_line      0x0003f2        0x13e build/default/production/_ext/1472/e_init_port.o
 .debug_line      0x000530        0x145 build/default/production/_ext/1472/e_led.o
 .debug_line      0x000675         0xc8 build/default/production/_ext/1472/e_lsm330.o
 .debug_line      0x00073d         0x68 build/default/production/_ext/1472/e_prox.o
 .debug_line      0x0007a5         0xf1 build/default/production/_ext/1472/e_sound.o
 .debug_line      0x000896        0x2e9 build/default/production/_ext/1472/e_wav_music2.o
 .debug_line      0x000b7f         0x88 build/default/production/_ext/1472/main_c.o
 .debug_line      0x000c07        0x168 build/default/production/_ext/1472/utility_mod3.o
 .debug_line      0x000d6f         0x1a build/default/production/_ext/1472/e_const_sound.o
 .debug_line      0x000d89         0x9d build/default/production/_ext/1472/e_init_codec_slave.o
 .debug_line      0x000e26         0x61 build/default/production/_ext/1472/e_init_dci_master.o
 .debug_line      0x000e87         0x71 build/default/production/_ext/1472/e_isr_dci.o
 .debug_line      0x000ef8         0x79 build/default/production/_ext/1472/e_sub_dci_kickoff.o
 .debug_line      0x000f71         0x63 build/default/production/_ext/1472/e_uart1_rx_char.o
 .debug_line      0x000fd4         0x72 build/default/production/_ext/1472/e_uart1_tx_char.o
 .debug_line      0x001046         0x52 build/default/production/_ext/1472/btcom.o

.debug_frame      0x000000        0xcf8
 *(.debug_frame)
 .debug_frame     0x000000        0x182 build/default/production/_ext/1472/e_I2C_master_module.o
 .debug_frame     0x000182         0xb0 build/default/production/_ext/1472/e_I2C_protocol.o
 .debug_frame     0x000232         0xca build/default/production/_ext/1472/e_ad_conv.o
 .debug_frame     0x0002fc         0x62 build/default/production/_ext/1472/e_init_port.o
 .debug_frame     0x00035e         0x7c build/default/production/_ext/1472/e_led.o
 .debug_frame     0x0003da        0x1e8 build/default/production/_ext/1472/e_lsm330.o
 .debug_frame     0x0005c2         0x84 build/default/production/_ext/1472/e_prox.o
 .debug_frame     0x000646         0x62 build/default/production/_ext/1472/e_sound.o
 .debug_frame     0x0006a8        0x3b2 build/default/production/_ext/1472/e_wav_music2.o
 .debug_frame     0x000a5a         0x2e build/default/production/_ext/1472/main_c.o
 .debug_frame     0x000a88        0x1a4 build/default/production/_ext/1472/utility_mod3.o
 .debug_frame     0x000c2c         0xcc build/default/production/_ext/1472/btcom.o

.debug_str        0x000000        0x2b7
 *(.debug_str)
 .debug_str       0x000000         0x3d build/default/production/_ext/1472/e_I2C_master_module.o
 .debug_str       0x00003d          0xb build/default/production/_ext/1472/e_I2C_protocol.o
 .debug_str       0x000048         0xf9 build/default/production/_ext/1472/e_ad_conv.o
 .debug_str       0x000141         0x6d build/default/production/_ext/1472/e_init_port.o
 .debug_str       0x0001ae         0x12 build/default/production/_ext/1472/e_led.o
 .debug_str       0x0001c0         0x24 build/default/production/_ext/1472/e_lsm330.o
 .debug_str       0x0001e4         0x36 build/default/production/_ext/1472/e_prox.o
 .debug_str       0x00021a          0x9 build/default/production/_ext/1472/e_sound.o
 .debug_str       0x000223         0x52 build/default/production/_ext/1472/e_wav_music2.o
 .debug_str       0x000275         0x42 build/default/production/_ext/1472/utility_mod3.o

.debug_loc
 *(.debug_loc)

.debug_macinfo
 *(.debug_macinfo)

.debug_pubnames
                  0x000000        0x93b
 *(.debug_pubnames)
 .debug_pubnames
                  0x000000        0x112 build/default/production/_ext/1472/e_I2C_master_module.o
 .debug_pubnames
                  0x000112         0x7a build/default/production/_ext/1472/e_I2C_protocol.o
 .debug_pubnames
                  0x00018c        0x145 build/default/production/_ext/1472/e_ad_conv.o
 .debug_pubnames
                  0x0002d1         0x62 build/default/production/_ext/1472/e_init_port.o
 .debug_pubnames
                  0x000333         0x57 build/default/production/_ext/1472/e_led.o
 .debug_pubnames
                  0x00038a        0x177 build/default/production/_ext/1472/e_lsm330.o
 .debug_pubnames
                  0x000501         0x66 build/default/production/_ext/1472/e_prox.o
 .debug_pubnames
                  0x000567         0x46 build/default/production/_ext/1472/e_sound.o
 .debug_pubnames
                  0x0005ad        0x156 build/default/production/_ext/1472/e_wav_music2.o
 .debug_pubnames
                  0x000703         0x1b build/default/production/_ext/1472/main_c.o
 .debug_pubnames
                  0x00071e        0x18f build/default/production/_ext/1472/utility_mod3.o
 .debug_pubnames
                  0x0008ad         0x8e build/default/production/_ext/1472/btcom.o

.debug_ranges
 *(.debug_ranges)

.debug_aranges    0x000000        0x1b0
 *(.debug_aranges)
 .debug_aranges
                  0x000000         0x18 build/default/production/_ext/1472/e_I2C_master_module.o
 .debug_aranges
                  0x000018         0x18 build/default/production/_ext/1472/e_I2C_protocol.o
 .debug_aranges
                  0x000030         0x18 build/default/production/_ext/1472/e_ad_conv.o
 .debug_aranges
                  0x000048         0x18 build/default/production/_ext/1472/e_init_port.o
 .debug_aranges
                  0x000060         0x18 build/default/production/_ext/1472/e_led.o
 .debug_aranges
                  0x000078         0x18 build/default/production/_ext/1472/e_lsm330.o
 .debug_aranges
                  0x000090         0x18 build/default/production/_ext/1472/e_prox.o
 .debug_aranges
                  0x0000a8         0x18 build/default/production/_ext/1472/e_sound.o
 .debug_aranges
                  0x0000c0         0x18 build/default/production/_ext/1472/e_wav_music2.o
 .debug_aranges
                  0x0000d8         0x18 build/default/production/_ext/1472/main_c.o
 .debug_aranges
                  0x0000f0         0x18 build/default/production/_ext/1472/utility_mod3.o
 .debug_aranges
                  0x000108         0x18 build/default/production/_ext/1472/e_init_codec_slave.o
 .debug_aranges
                  0x000120         0x18 build/default/production/_ext/1472/e_init_dci_master.o
 .debug_aranges
                  0x000138         0x18 build/default/production/_ext/1472/e_isr_dci.o
 .debug_aranges
                  0x000150         0x18 build/default/production/_ext/1472/e_sub_dci_kickoff.o
 .debug_aranges
                  0x000168         0x18 build/default/production/_ext/1472/e_uart1_rx_char.o
 .debug_aranges
                  0x000180         0x18 build/default/production/_ext/1472/e_uart1_tx_char.o
 .debug_aranges
                  0x000198         0x18 build/default/production/_ext/1472/btcom.o
                    0x0000                  WREG0 = 0x0
                    0x0000                  _WREG0 = 0x0
                    0x0002                  WREG1 = 0x2
                    0x0002                  _WREG1 = 0x2
                    0x0004                  WREG2 = 0x4
                    0x0004                  _WREG2 = 0x4
                    0x0006                  WREG3 = 0x6
                    0x0006                  _WREG3 = 0x6
                    0x0008                  WREG4 = 0x8
                    0x0008                  _WREG4 = 0x8
                    0x000a                  WREG5 = 0xa
                    0x000a                  _WREG5 = 0xa
                    0x000c                  WREG6 = 0xc
                    0x000c                  _WREG6 = 0xc
                    0x000e                  WREG7 = 0xe
                    0x000e                  _WREG7 = 0xe
                    0x0010                  WREG8 = 0x10
                    0x0010                  _WREG8 = 0x10
                    0x0012                  WREG9 = 0x12
                    0x0012                  _WREG9 = 0x12
                    0x0014                  WREG10 = 0x14
                    0x0014                  _WREG10 = 0x14
                    0x0016                  WREG11 = 0x16
                    0x0016                  _WREG11 = 0x16
                    0x0018                  WREG12 = 0x18
                    0x0018                  _WREG12 = 0x18
                    0x001a                  WREG13 = 0x1a
                    0x001a                  _WREG13 = 0x1a
                    0x001c                  WREG14 = 0x1c
                    0x001c                  _WREG14 = 0x1c
                    0x001e                  WREG15 = 0x1e
                    0x001e                  _WREG15 = 0x1e
                    0x0020                  SPLIM = 0x20
                    0x0020                  _SPLIM = 0x20
                    0x0022                  ACCAL = 0x22
                    0x0022                  _ACCAL = 0x22
                    0x0024                  ACCAH = 0x24
                    0x0024                  _ACCAH = 0x24
                    0x0026                  ACCAU = 0x26
                    0x0026                  _ACCAU = 0x26
                    0x0028                  ACCBL = 0x28
                    0x0028                  _ACCBL = 0x28
                    0x002a                  ACCBH = 0x2a
                    0x002a                  _ACCBH = 0x2a
                    0x002c                  ACCBU = 0x2c
                    0x002c                  _ACCBU = 0x2c
                    0x002e                  PCL = 0x2e
                    0x002e                  _PCL = 0x2e
                    0x0030                  PCH = 0x30
                    0x0030                  _PCH = 0x30
                    0x0032                  TBLPAG = 0x32
                    0x0032                  _TBLPAG = 0x32
                    0x0034                  PSVPAG = 0x34
                    0x0034                  _PSVPAG = 0x34
                    0x0036                  RCOUNT = 0x36
                    0x0036                  _RCOUNT = 0x36
                    0x0038                  DCOUNT = 0x38
                    0x0038                  _DCOUNT = 0x38
                    0x003a                  DOSTARTL = 0x3a
                    0x003a                  _DOSTARTL = 0x3a
                    0x003c                  DOSTARTH = 0x3c
                    0x003c                  _DOSTARTH = 0x3c
                    0x003e                  DOENDL = 0x3e
                    0x003e                  _DOENDL = 0x3e
                    0x0040                  DOENDH = 0x40
                    0x0040                  _DOENDH = 0x40
                    0x0042                  SR = 0x42
                    0x0042                  _SR = 0x42
                    0x0042                  _SRbits = 0x42
                    0x0044                  CORCON = 0x44
                    0x0044                  _CORCON = 0x44
                    0x0044                  _CORCONbits = 0x44
                    0x0046                  MODCON = 0x46
                    0x0046                  _MODCON = 0x46
                    0x0046                  _MODCONbits = 0x46
                    0x0048                  XMODSRT = 0x48
                    0x0048                  _XMODSRT = 0x48
                    0x004a                  XMODEND = 0x4a
                    0x004a                  _XMODEND = 0x4a
                    0x004c                  YMODSRT = 0x4c
                    0x004c                  _YMODSRT = 0x4c
                    0x004e                  YMODEND = 0x4e
                    0x004e                  _YMODEND = 0x4e
                    0x0050                  XBREV = 0x50
                    0x0050                  _XBREV = 0x50
                    0x0050                  _XBREVbits = 0x50
                    0x0052                  DISICNT = 0x52
                    0x0052                  _DISICNT = 0x52
                    0x0052                  _DISICNTbits = 0x52
                    0x0080                  INTCON1 = 0x80
                    0x0080                  _INTCON1 = 0x80
                    0x0080                  _INTCON1bits = 0x80
                    0x0082                  INTCON2 = 0x82
                    0x0082                  _INTCON2 = 0x82
                    0x0082                  _INTCON2bits = 0x82
                    0x0084                  IFS0 = 0x84
                    0x0084                  _IFS0 = 0x84
                    0x0084                  _IFS0bits = 0x84
                    0x0086                  IFS1 = 0x86
                    0x0086                  _IFS1 = 0x86
                    0x0086                  _IFS1bits = 0x86
                    0x0088                  IFS2 = 0x88
                    0x0088                  _IFS2 = 0x88
                    0x0088                  _IFS2bits = 0x88
                    0x008c                  IEC0 = 0x8c
                    0x008c                  _IEC0 = 0x8c
                    0x008c                  _IEC0bits = 0x8c
                    0x008e                  IEC1 = 0x8e
                    0x008e                  _IEC1 = 0x8e
                    0x008e                  _IEC1bits = 0x8e
                    0x0090                  IEC2 = 0x90
                    0x0090                  _IEC2 = 0x90
                    0x0090                  _IEC2bits = 0x90
                    0x0094                  IPC0 = 0x94
                    0x0094                  _IPC0 = 0x94
                    0x0094                  _IPC0bits = 0x94
                    0x0096                  IPC1 = 0x96
                    0x0096                  _IPC1 = 0x96
                    0x0096                  _IPC1bits = 0x96
                    0x0098                  IPC2 = 0x98
                    0x0098                  _IPC2 = 0x98
                    0x0098                  _IPC2bits = 0x98
                    0x009a                  IPC3 = 0x9a
                    0x009a                  _IPC3 = 0x9a
                    0x009a                  _IPC3bits = 0x9a
                    0x009c                  IPC4 = 0x9c
                    0x009c                  _IPC4 = 0x9c
                    0x009c                  _IPC4bits = 0x9c
                    0x009e                  IPC5 = 0x9e
                    0x009e                  _IPC5 = 0x9e
                    0x009e                  _IPC5bits = 0x9e
                    0x00a0                  IPC6 = 0xa0
                    0x00a0                  _IPC6 = 0xa0
                    0x00a0                  _IPC6bits = 0xa0
                    0x00a2                  IPC7 = 0xa2
                    0x00a2                  _IPC7 = 0xa2
                    0x00a2                  _IPC7bits = 0xa2
                    0x00a4                  IPC8 = 0xa4
                    0x00a4                  _IPC8 = 0xa4
                    0x00a4                  _IPC8bits = 0xa4
                    0x00a6                  IPC9 = 0xa6
                    0x00a6                  _IPC9 = 0xa6
                    0x00a6                  _IPC9bits = 0xa6
                    0x00a8                  IPC10 = 0xa8
                    0x00a8                  _IPC10 = 0xa8
                    0x00a8                  _IPC10bits = 0xa8
                    0x00b0                  INTTREG = 0xb0
                    0x00b0                  _INTTREG = 0xb0
                    0x00b0                  _INTTREGbits = 0xb0
                    0x00c0                  CNEN1 = 0xc0
                    0x00c0                  _CNEN1 = 0xc0
                    0x00c0                  _CNEN1bits = 0xc0
                    0x00c2                  CNEN2 = 0xc2
                    0x00c2                  _CNEN2 = 0xc2
                    0x00c2                  _CNEN2bits = 0xc2
                    0x00c4                  CNPU1 = 0xc4
                    0x00c4                  _CNPU1 = 0xc4
                    0x00c4                  _CNPU1bits = 0xc4
                    0x00c6                  CNPU2 = 0xc6
                    0x00c6                  _CNPU2 = 0xc6
                    0x00c6                  _CNPU2bits = 0xc6
                    0x0100                  TMR1 = 0x100
                    0x0100                  _TMR1 = 0x100
                    0x0102                  PR1 = 0x102
                    0x0102                  _PR1 = 0x102
                    0x0104                  T1CON = 0x104
                    0x0104                  _T1CON = 0x104
                    0x0104                  _T1CONbits = 0x104
                    0x0106                  TMR2 = 0x106
                    0x0106                  _TMR2 = 0x106
                    0x0108                  TMR3HLD = 0x108
                    0x0108                  _TMR3HLD = 0x108
                    0x010a                  TMR3 = 0x10a
                    0x010a                  _TMR3 = 0x10a
                    0x010c                  PR2 = 0x10c
                    0x010c                  _PR2 = 0x10c
                    0x010e                  PR3 = 0x10e
                    0x010e                  _PR3 = 0x10e
                    0x0110                  T2CON = 0x110
                    0x0110                  _T2CON = 0x110
                    0x0110                  _T2CONbits = 0x110
                    0x0112                  T3CON = 0x112
                    0x0112                  _T3CON = 0x112
                    0x0112                  _T3CONbits = 0x112
                    0x0114                  TMR4 = 0x114
                    0x0114                  _TMR4 = 0x114
                    0x0116                  TMR5HLD = 0x116
                    0x0116                  _TMR5HLD = 0x116
                    0x0118                  TMR5 = 0x118
                    0x0118                  _TMR5 = 0x118
                    0x011a                  PR4 = 0x11a
                    0x011a                  _PR4 = 0x11a
                    0x011c                  PR5 = 0x11c
                    0x011c                  _PR5 = 0x11c
                    0x011e                  T4CON = 0x11e
                    0x011e                  _T4CON = 0x11e
                    0x011e                  _T4CONbits = 0x11e
                    0x0120                  T5CON = 0x120
                    0x0120                  _T5CON = 0x120
                    0x0120                  _T5CONbits = 0x120
                    0x0140                  IC1BUF = 0x140
                    0x0140                  _IC1BUF = 0x140
                    0x0142                  IC1CON = 0x142
                    0x0142                  _IC1CON = 0x142
                    0x0142                  _IC1CONbits = 0x142
                    0x0144                  IC2BUF = 0x144
                    0x0144                  _IC2BUF = 0x144
                    0x0146                  IC2CON = 0x146
                    0x0146                  _IC2CON = 0x146
                    0x0146                  _IC2CONbits = 0x146
                    0x0148                  IC3BUF = 0x148
                    0x0148                  _IC3BUF = 0x148
                    0x014a                  IC3CON = 0x14a
                    0x014a                  _IC3CON = 0x14a
                    0x014a                  _IC3CONbits = 0x14a
                    0x014c                  IC4BUF = 0x14c
                    0x014c                  _IC4BUF = 0x14c
                    0x014e                  IC4CON = 0x14e
                    0x014e                  _IC4CON = 0x14e
                    0x014e                  _IC4CONbits = 0x14e
                    0x0150                  IC5BUF = 0x150
                    0x0150                  _IC5BUF = 0x150
                    0x0152                  IC5CON = 0x152
                    0x0152                  _IC5CON = 0x152
                    0x0152                  _IC5CONbits = 0x152
                    0x0154                  IC6BUF = 0x154
                    0x0154                  _IC6BUF = 0x154
                    0x0156                  IC6CON = 0x156
                    0x0156                  _IC6CON = 0x156
                    0x0156                  _IC6CONbits = 0x156
                    0x0158                  IC7BUF = 0x158
                    0x0158                  _IC7BUF = 0x158
                    0x015a                  IC7CON = 0x15a
                    0x015a                  _IC7CON = 0x15a
                    0x015a                  _IC7CONbits = 0x15a
                    0x015c                  IC8BUF = 0x15c
                    0x015c                  _IC8BUF = 0x15c
                    0x015e                  IC8CON = 0x15e
                    0x015e                  _IC8CON = 0x15e
                    0x015e                  _IC8CONbits = 0x15e
                    0x0180                  OC1RS = 0x180
                    0x0180                  _OC1RS = 0x180
                    0x0182                  OC1R = 0x182
                    0x0182                  _OC1R = 0x182
                    0x0184                  OC1CON = 0x184
                    0x0184                  _OC1CON = 0x184
                    0x0184                  _OC1CONbits = 0x184
                    0x0186                  OC2RS = 0x186
                    0x0186                  _OC2RS = 0x186
                    0x0188                  OC2R = 0x188
                    0x0188                  _OC2R = 0x188
                    0x018a                  OC2CON = 0x18a
                    0x018a                  _OC2CON = 0x18a
                    0x018a                  _OC2CONbits = 0x18a
                    0x018c                  OC3RS = 0x18c
                    0x018c                  _OC3RS = 0x18c
                    0x018e                  OC3R = 0x18e
                    0x018e                  _OC3R = 0x18e
                    0x0190                  OC3CON = 0x190
                    0x0190                  _OC3CON = 0x190
                    0x0190                  _OC3CONbits = 0x190
                    0x0192                  OC4RS = 0x192
                    0x0192                  _OC4RS = 0x192
                    0x0194                  OC4R = 0x194
                    0x0194                  _OC4R = 0x194
                    0x0196                  OC4CON = 0x196
                    0x0196                  _OC4CON = 0x196
                    0x0196                  _OC4CONbits = 0x196
                    0x0198                  OC5RS = 0x198
                    0x0198                  _OC5RS = 0x198
                    0x019a                  OC5R = 0x19a
                    0x019a                  _OC5R = 0x19a
                    0x019c                  OC5CON = 0x19c
                    0x019c                  _OC5CON = 0x19c
                    0x019c                  _OC5CONbits = 0x19c
                    0x019e                  OC6RS = 0x19e
                    0x019e                  _OC6RS = 0x19e
                    0x01a0                  OC6R = 0x1a0
                    0x01a0                  _OC6R = 0x1a0
                    0x01a2                  OC6CON = 0x1a2
                    0x01a2                  _OC6CON = 0x1a2
                    0x01a2                  _OC6CONbits = 0x1a2
                    0x01a4                  OC7RS = 0x1a4
                    0x01a4                  _OC7RS = 0x1a4
                    0x01a6                  OC7R = 0x1a6
                    0x01a6                  _OC7R = 0x1a6
                    0x01a8                  OC7CON = 0x1a8
                    0x01a8                  _OC7CON = 0x1a8
                    0x01a8                  _OC7CONbits = 0x1a8
                    0x01aa                  OC8RS = 0x1aa
                    0x01aa                  _OC8RS = 0x1aa
                    0x01ac                  OC8R = 0x1ac
                    0x01ac                  _OC8R = 0x1ac
                    0x01ae                  OC8CON = 0x1ae
                    0x01ae                  _OC8CON = 0x1ae
                    0x01ae                  _OC8CONbits = 0x1ae
                    0x0200                  I2CRCV = 0x200
                    0x0200                  _I2CRCV = 0x200
                    0x0200                  _I2CRCVbits = 0x200
                    0x0202                  I2CTRN = 0x202
                    0x0202                  _I2CTRN = 0x202
                    0x0202                  _I2CTRNbits = 0x202
                    0x0204                  I2CBRG = 0x204
                    0x0204                  _I2CBRG = 0x204
                    0x0204                  _I2CBRGbits = 0x204
                    0x0206                  I2CCON = 0x206
                    0x0206                  _I2CCON = 0x206
                    0x0206                  _I2CCONbits = 0x206
                    0x0208                  I2CSTAT = 0x208
                    0x0208                  _I2CSTAT = 0x208
                    0x0208                  _I2CSTATbits = 0x208
                    0x020a                  I2CADD = 0x20a
                    0x020a                  _I2CADD = 0x20a
                    0x020a                  _I2CADDbits = 0x20a
                    0x020c                  U1MODE = 0x20c
                    0x020c                  _U1MODE = 0x20c
                    0x020c                  _U1MODEbits = 0x20c
                    0x020e                  U1STA = 0x20e
                    0x020e                  _U1STA = 0x20e
                    0x020e                  _U1STAbits = 0x20e
                    0x0210                  U1TXREG = 0x210
                    0x0210                  _U1TXREG = 0x210
                    0x0210                  _U1TXREGbits = 0x210
                    0x0212                  U1RXREG = 0x212
                    0x0212                  _U1RXREG = 0x212
                    0x0212                  _U1RXREGbits = 0x212
                    0x0214                  U1BRG = 0x214
                    0x0214                  _U1BRG = 0x214
                    0x0216                  U2MODE = 0x216
                    0x0216                  _U2MODE = 0x216
                    0x0216                  _U2MODEbits = 0x216
                    0x0218                  U2STA = 0x218
                    0x0218                  _U2STA = 0x218
                    0x0218                  _U2STAbits = 0x218
                    0x021a                  U2TXREG = 0x21a
                    0x021a                  _U2TXREG = 0x21a
                    0x021a                  _U2TXREGbits = 0x21a
                    0x021c                  U2RXREG = 0x21c
                    0x021c                  _U2RXREG = 0x21c
                    0x021c                  _U2RXREGbits = 0x21c
                    0x021e                  U2BRG = 0x21e
                    0x021e                  _U2BRG = 0x21e
                    0x0220                  SPI1STAT = 0x220
                    0x0220                  _SPI1STAT = 0x220
                    0x0220                  _SPI1STATbits = 0x220
                    0x0222                  SPI1CON = 0x222
                    0x0222                  _SPI1CON = 0x222
                    0x0222                  _SPI1CONbits = 0x222
                    0x0224                  SPI1BUF = 0x224
                    0x0224                  _SPI1BUF = 0x224
                    0x0226                  SPI2STAT = 0x226
                    0x0226                  _SPI2STAT = 0x226
                    0x0226                  _SPI2STATbits = 0x226
                    0x0228                  SPI2CON = 0x228
                    0x0228                  _SPI2CON = 0x228
                    0x0228                  _SPI2CONbits = 0x228
                    0x022a                  SPI2BUF = 0x22a
                    0x022a                  _SPI2BUF = 0x22a
                    0x0240                  DCICON1 = 0x240
                    0x0240                  _DCICON1 = 0x240
                    0x0240                  _DCICON1bits = 0x240
                    0x0242                  DCICON2 = 0x242
                    0x0242                  _DCICON2 = 0x242
                    0x0242                  _DCICON2bits = 0x242
                    0x0244                  DCICON3 = 0x244
                    0x0244                  _DCICON3 = 0x244
                    0x0244                  _DCICON3bits = 0x244
                    0x0246                  DCISTAT = 0x246
                    0x0246                  _DCISTAT = 0x246
                    0x0246                  _DCISTATbits = 0x246
                    0x0248                  TSCON = 0x248
                    0x0248                  _TSCON = 0x248
                    0x0248                  _TSCONbits = 0x248
                    0x024c                  RSCON = 0x24c
                    0x024c                  _RSCON = 0x24c
                    0x024c                  _RSCONbits = 0x24c
                    0x0250                  RXBUF0 = 0x250
                    0x0250                  _RXBUF0 = 0x250
                    0x0252                  RXBUF1 = 0x252
                    0x0252                  _RXBUF1 = 0x252
                    0x0254                  RXBUF2 = 0x254
                    0x0254                  _RXBUF2 = 0x254
                    0x0256                  RXBUF3 = 0x256
                    0x0256                  _RXBUF3 = 0x256
                    0x0258                  TXBUF0 = 0x258
                    0x0258                  _TXBUF0 = 0x258
                    0x025a                  TXBUF1 = 0x25a
                    0x025a                  _TXBUF1 = 0x25a
                    0x025c                  TXBUF2 = 0x25c
                    0x025c                  _TXBUF2 = 0x25c
                    0x025e                  TXBUF3 = 0x25e
                    0x025e                  _TXBUF3 = 0x25e
                    0x0280                  ADCBUF0 = 0x280
                    0x0280                  _ADCBUF0 = 0x280
                    0x0282                  ADCBUF1 = 0x282
                    0x0282                  _ADCBUF1 = 0x282
                    0x0284                  ADCBUF2 = 0x284
                    0x0284                  _ADCBUF2 = 0x284
                    0x0286                  ADCBUF3 = 0x286
                    0x0286                  _ADCBUF3 = 0x286
                    0x0288                  ADCBUF4 = 0x288
                    0x0288                  _ADCBUF4 = 0x288
                    0x028a                  ADCBUF5 = 0x28a
                    0x028a                  _ADCBUF5 = 0x28a
                    0x028c                  ADCBUF6 = 0x28c
                    0x028c                  _ADCBUF6 = 0x28c
                    0x028e                  ADCBUF7 = 0x28e
                    0x028e                  _ADCBUF7 = 0x28e
                    0x0290                  ADCBUF8 = 0x290
                    0x0290                  _ADCBUF8 = 0x290
                    0x0292                  ADCBUF9 = 0x292
                    0x0292                  _ADCBUF9 = 0x292
                    0x0294                  ADCBUFA = 0x294
                    0x0294                  _ADCBUFA = 0x294
                    0x0296                  ADCBUFB = 0x296
                    0x0296                  _ADCBUFB = 0x296
                    0x0298                  ADCBUFC = 0x298
                    0x0298                  _ADCBUFC = 0x298
                    0x029a                  ADCBUFD = 0x29a
                    0x029a                  _ADCBUFD = 0x29a
                    0x029c                  ADCBUFE = 0x29c
                    0x029c                  _ADCBUFE = 0x29c
                    0x029e                  ADCBUFF = 0x29e
                    0x029e                  _ADCBUFF = 0x29e
                    0x02a0                  ADCON1 = 0x2a0
                    0x02a0                  _ADCON1 = 0x2a0
                    0x02a0                  _ADCON1bits = 0x2a0
                    0x02a2                  ADCON2 = 0x2a2
                    0x02a2                  _ADCON2 = 0x2a2
                    0x02a2                  _ADCON2bits = 0x2a2
                    0x02a4                  ADCON3 = 0x2a4
                    0x02a4                  _ADCON3 = 0x2a4
                    0x02a4                  _ADCON3bits = 0x2a4
                    0x02a6                  ADCHS = 0x2a6
                    0x02a6                  _ADCHS = 0x2a6
                    0x02a6                  _ADCHSbits = 0x2a6
                    0x02a8                  ADPCFG = 0x2a8
                    0x02a8                  _ADPCFG = 0x2a8
                    0x02a8                  _ADPCFGbits = 0x2a8
                    0x02aa                  ADCSSL = 0x2aa
                    0x02aa                  _ADCSSL = 0x2aa
                    0x02aa                  _ADCSSLbits = 0x2aa
                    0x02c0                  TRISA = 0x2c0
                    0x02c0                  _TRISA = 0x2c0
                    0x02c0                  _TRISAbits = 0x2c0
                    0x02c2                  PORTA = 0x2c2
                    0x02c2                  _PORTA = 0x2c2
                    0x02c2                  _PORTAbits = 0x2c2
                    0x02c4                  LATA = 0x2c4
                    0x02c4                  _LATA = 0x2c4
                    0x02c4                  _LATAbits = 0x2c4
                    0x02c6                  TRISB = 0x2c6
                    0x02c6                  _TRISB = 0x2c6
                    0x02c6                  _TRISBbits = 0x2c6
                    0x02c8                  PORTB = 0x2c8
                    0x02c8                  _PORTB = 0x2c8
                    0x02c8                  _PORTBbits = 0x2c8
                    0x02ca                  LATB = 0x2ca
                    0x02ca                  _LATB = 0x2ca
                    0x02ca                  _LATBbits = 0x2ca
                    0x02cc                  TRISC = 0x2cc
                    0x02cc                  _TRISC = 0x2cc
                    0x02cc                  _TRISCbits = 0x2cc
                    0x02ce                  PORTC = 0x2ce
                    0x02ce                  _PORTC = 0x2ce
                    0x02ce                  _PORTCbits = 0x2ce
                    0x02d0                  LATC = 0x2d0
                    0x02d0                  _LATC = 0x2d0
                    0x02d0                  _LATCbits = 0x2d0
                    0x02d2                  TRISD = 0x2d2
                    0x02d2                  _TRISD = 0x2d2
                    0x02d2                  _TRISDbits = 0x2d2
                    0x02d4                  PORTD = 0x2d4
                    0x02d4                  _PORTD = 0x2d4
                    0x02d4                  _PORTDbits = 0x2d4
                    0x02d6                  LATD = 0x2d6
                    0x02d6                  _LATD = 0x2d6
                    0x02d6                  _LATDbits = 0x2d6
                    0x02de                  TRISF = 0x2de
                    0x02de                  _TRISF = 0x2de
                    0x02de                  _TRISFbits = 0x2de
                    0x02e0                  PORTF = 0x2e0
                    0x02e0                  _PORTF = 0x2e0
                    0x02e0                  _PORTFbits = 0x2e0
                    0x02e2                  LATF = 0x2e2
                    0x02e2                  _LATF = 0x2e2
                    0x02e2                  _LATFbits = 0x2e2
                    0x02e4                  TRISG = 0x2e4
                    0x02e4                  _TRISG = 0x2e4
                    0x02e4                  _TRISGbits = 0x2e4
                    0x02e6                  PORTG = 0x2e6
                    0x02e6                  _PORTG = 0x2e6
                    0x02e6                  _PORTGbits = 0x2e6
                    0x02e8                  LATG = 0x2e8
                    0x02e8                  _LATG = 0x2e8
                    0x02e8                  _LATGbits = 0x2e8
                    0x0300                  C1RXF0SID = 0x300
                    0x0300                  _C1RXF0SID = 0x300
                    0x0300                  _C1RXF0SIDbits = 0x300
                    0x0302                  C1RXF0EIDH = 0x302
                    0x0302                  _C1RXF0EIDH = 0x302
                    0x0302                  _C1RXF0EIDHbits = 0x302
                    0x0304                  C1RXF0EIDL = 0x304
                    0x0304                  _C1RXF0EIDL = 0x304
                    0x0304                  _C1RXF0EIDLbits = 0x304
                    0x0308                  C1RXF1SID = 0x308
                    0x0308                  _C1RXF1SID = 0x308
                    0x0308                  _C1RXF1SIDbits = 0x308
                    0x030a                  C1RXF1EIDH = 0x30a
                    0x030a                  _C1RXF1EIDH = 0x30a
                    0x030a                  _C1RXF1EIDHbits = 0x30a
                    0x030c                  C1RXF1EIDL = 0x30c
                    0x030c                  _C1RXF1EIDL = 0x30c
                    0x030c                  _C1RXF1EIDLbits = 0x30c
                    0x0310                  C1RXF2SID = 0x310
                    0x0310                  _C1RXF2SID = 0x310
                    0x0310                  _C1RXF2SIDbits = 0x310
                    0x0312                  C1RXF2EIDH = 0x312
                    0x0312                  _C1RXF2EIDH = 0x312
                    0x0312                  _C1RXF2EIDHbits = 0x312
                    0x0314                  C1RXF2EIDL = 0x314
                    0x0314                  _C1RXF2EIDL = 0x314
                    0x0314                  _C1RXF2EIDLbits = 0x314
                    0x0318                  C1RXF3SID = 0x318
                    0x0318                  _C1RXF3SID = 0x318
                    0x0318                  _C1RXF3SIDbits = 0x318
                    0x031a                  C1RXF3EIDH = 0x31a
                    0x031a                  _C1RXF3EIDH = 0x31a
                    0x031a                  _C1RXF3EIDHbits = 0x31a
                    0x031c                  C1RXF3EIDL = 0x31c
                    0x031c                  _C1RXF3EIDL = 0x31c
                    0x031c                  _C1RXF3EIDLbits = 0x31c
                    0x0320                  C1RXF4SID = 0x320
                    0x0320                  _C1RXF4SID = 0x320
                    0x0320                  _C1RXF4SIDbits = 0x320
                    0x0322                  C1RXF4EIDH = 0x322
                    0x0322                  _C1RXF4EIDH = 0x322
                    0x0322                  _C1RXF4EIDHbits = 0x322
                    0x0324                  C1RXF4EIDL = 0x324
                    0x0324                  _C1RXF4EIDL = 0x324
                    0x0324                  _C1RXF4EIDLbits = 0x324
                    0x0328                  C1RXF5SID = 0x328
                    0x0328                  _C1RXF5SID = 0x328
                    0x0328                  _C1RXF5SIDbits = 0x328
                    0x032a                  C1RXF5EIDH = 0x32a
                    0x032a                  _C1RXF5EIDH = 0x32a
                    0x032a                  _C1RXF5EIDHbits = 0x32a
                    0x032c                  C1RXF5EIDL = 0x32c
                    0x032c                  _C1RXF5EIDL = 0x32c
                    0x032c                  _C1RXF5EIDLbits = 0x32c
                    0x0330                  C1RXM0SID = 0x330
                    0x0330                  _C1RXM0SID = 0x330
                    0x0330                  _C1RXM0SIDbits = 0x330
                    0x0332                  C1RXM0EIDH = 0x332
                    0x0332                  _C1RXM0EIDH = 0x332
                    0x0332                  _C1RXM0EIDHbits = 0x332
                    0x0334                  C1RXM0EIDL = 0x334
                    0x0334                  _C1RXM0EIDL = 0x334
                    0x0334                  _C1RXM0EIDLbits = 0x334
                    0x0338                  C1RXM1SID = 0x338
                    0x0338                  _C1RXM1SID = 0x338
                    0x0338                  _C1RXM1SIDbits = 0x338
                    0x033a                  C1RXM1EIDH = 0x33a
                    0x033a                  _C1RXM1EIDH = 0x33a
                    0x033a                  _C1RXM1EIDHbits = 0x33a
                    0x033c                  C1RXM1EIDL = 0x33c
                    0x033c                  _C1RXM1EIDL = 0x33c
                    0x033c                  _C1RXM1EIDLbits = 0x33c
                    0x0340                  C1TX2SID = 0x340
                    0x0340                  _C1TX2SID = 0x340
                    0x0340                  _C1TX2SIDbits = 0x340
                    0x0342                  C1TX2EID = 0x342
                    0x0342                  _C1TX2EID = 0x342
                    0x0342                  _C1TX2EIDbits = 0x342
                    0x0344                  C1TX2DLC = 0x344
                    0x0344                  _C1TX2DLC = 0x344
                    0x0344                  _C1TX2DLCbits = 0x344
                    0x0346                  C1TX2B1 = 0x346
                    0x0346                  _C1TX2B1 = 0x346
                    0x0346                  _C1TX2B1bits = 0x346
                    0x0348                  C1TX2B2 = 0x348
                    0x0348                  _C1TX2B2 = 0x348
                    0x0348                  _C1TX2B2bits = 0x348
                    0x034a                  C1TX2B3 = 0x34a
                    0x034a                  _C1TX2B3 = 0x34a
                    0x034a                  _C1TX2B3bits = 0x34a
                    0x034c                  C1TX2B4 = 0x34c
                    0x034c                  _C1TX2B4 = 0x34c
                    0x034c                  _C1TX2B4bits = 0x34c
                    0x034e                  C1TX2CON = 0x34e
                    0x034e                  _C1TX2CON = 0x34e
                    0x034e                  _C1TX2CONbits = 0x34e
                    0x0350                  C1TX1SID = 0x350
                    0x0350                  _C1TX1SID = 0x350
                    0x0350                  _C1TX1SIDbits = 0x350
                    0x0352                  C1TX1EID = 0x352
                    0x0352                  _C1TX1EID = 0x352
                    0x0352                  _C1TX1EIDbits = 0x352
                    0x0354                  C1TX1DLC = 0x354
                    0x0354                  _C1TX1DLC = 0x354
                    0x0354                  _C1TX1DLCbits = 0x354
                    0x0356                  C1TX1B1 = 0x356
                    0x0356                  _C1TX1B1 = 0x356
                    0x0356                  _C1TX1B1bits = 0x356
                    0x0358                  C1TX1B2 = 0x358
                    0x0358                  _C1TX1B2 = 0x358
                    0x0358                  _C1TX1B2bits = 0x358
                    0x035a                  C1TX1B3 = 0x35a
                    0x035a                  _C1TX1B3 = 0x35a
                    0x035a                  _C1TX1B3bits = 0x35a
                    0x035c                  C1TX1B4 = 0x35c
                    0x035c                  _C1TX1B4 = 0x35c
                    0x035c                  _C1TX1B4bits = 0x35c
                    0x035e                  C1TX1CON = 0x35e
                    0x035e                  _C1TX1CON = 0x35e
                    0x035e                  _C1TX1CONbits = 0x35e
                    0x0360                  C1TX0SID = 0x360
                    0x0360                  _C1TX0SID = 0x360
                    0x0360                  _C1TX0SIDbits = 0x360
                    0x0362                  C1TX0EID = 0x362
                    0x0362                  _C1TX0EID = 0x362
                    0x0362                  _C1TX0EIDbits = 0x362
                    0x0364                  C1TX0DLC = 0x364
                    0x0364                  _C1TX0DLC = 0x364
                    0x0364                  _C1TX0DLCbits = 0x364
                    0x0366                  C1TX0B1 = 0x366
                    0x0366                  _C1TX0B1 = 0x366
                    0x0366                  _C1TX0B1bits = 0x366
                    0x0368                  C1TX0B2 = 0x368
                    0x0368                  _C1TX0B2 = 0x368
                    0x0368                  _C1TX0B2bits = 0x368
                    0x036a                  C1TX0B3 = 0x36a
                    0x036a                  _C1TX0B3 = 0x36a
                    0x036a                  _C1TX0B3bits = 0x36a
                    0x036c                  C1TX0B4 = 0x36c
                    0x036c                  _C1TX0B4 = 0x36c
                    0x036c                  _C1TX0B4bits = 0x36c
                    0x036e                  C1TX0CON = 0x36e
                    0x036e                  _C1TX0CON = 0x36e
                    0x036e                  _C1TX0CONbits = 0x36e
                    0x0370                  C1RX1SID = 0x370
                    0x0370                  _C1RX1SID = 0x370
                    0x0370                  _C1RX1SIDbits = 0x370
                    0x0372                  C1RX1EID = 0x372
                    0x0372                  _C1RX1EID = 0x372
                    0x0372                  _C1RX1EIDbits = 0x372
                    0x0374                  C1RX1DLC = 0x374
                    0x0374                  _C1RX1DLC = 0x374
                    0x0374                  _C1RX1DLCbits = 0x374
                    0x0376                  C1RX1B1 = 0x376
                    0x0376                  _C1RX1B1 = 0x376
                    0x0376                  _C1RX1B1bits = 0x376
                    0x0378                  C1RX1B2 = 0x378
                    0x0378                  _C1RX1B2 = 0x378
                    0x0378                  _C1RX1B2bits = 0x378
                    0x037a                  C1RX1B3 = 0x37a
                    0x037a                  _C1RX1B3 = 0x37a
                    0x037a                  _C1RX1B3bits = 0x37a
                    0x037c                  C1RX1B4 = 0x37c
                    0x037c                  _C1RX1B4 = 0x37c
                    0x037c                  _C1RX1B4bits = 0x37c
                    0x037e                  C1RX1CON = 0x37e
                    0x037e                  _C1RX1CON = 0x37e
                    0x037e                  _C1RX1CONbits = 0x37e
                    0x0380                  C1RX0SID = 0x380
                    0x0380                  _C1RX0SID = 0x380
                    0x0380                  _C1RX0SIDbits = 0x380
                    0x0382                  C1RX0EID = 0x382
                    0x0382                  _C1RX0EID = 0x382
                    0x0382                  _C1RX0EIDbits = 0x382
                    0x0384                  C1RX0DLC = 0x384
                    0x0384                  _C1RX0DLC = 0x384
                    0x0384                  _C1RX0DLCbits = 0x384
                    0x0386                  C1RX0B1 = 0x386
                    0x0386                  _C1RX0B1 = 0x386
                    0x0386                  _C1RX0B1bits = 0x386
                    0x0388                  C1RX0B2 = 0x388
                    0x0388                  _C1RX0B2 = 0x388
                    0x0388                  _C1RX0B2bits = 0x388
                    0x038a                  C1RX0B3 = 0x38a
                    0x038a                  _C1RX0B3 = 0x38a
                    0x038a                  _C1RX0B3bits = 0x38a
                    0x038c                  C1RX0B4 = 0x38c
                    0x038c                  _C1RX0B4 = 0x38c
                    0x038c                  _C1RX0B4bits = 0x38c
                    0x038e                  C1RX0CON = 0x38e
                    0x038e                  _C1RX0CON = 0x38e
                    0x038e                  _C1RX0CONbits = 0x38e
                    0x0390                  C1CTRL = 0x390
                    0x0390                  _C1CTRL = 0x390
                    0x0390                  _C1CTRLbits = 0x390
                    0x0392                  C1CFG1 = 0x392
                    0x0392                  _C1CFG1 = 0x392
                    0x0392                  _C1CFG1bits = 0x392
                    0x0394                  C1CFG2 = 0x394
                    0x0394                  _C1CFG2 = 0x394
                    0x0394                  _C1CFG2bits = 0x394
                    0x0396                  C1INTF = 0x396
                    0x0396                  _C1INTF = 0x396
                    0x0396                  _C1INTFbits = 0x396
                    0x0398                  C1INTE = 0x398
                    0x0398                  _C1INTE = 0x398
                    0x0398                  _C1INTEbits = 0x398
                    0x039a                  C1EC = 0x39a
                    0x039a                  _C1EC = 0x39a
                    0x039a                  _C1ECbits = 0x39a
                    0x039a                  C1RERRCNT = 0x39a
                    0x039a                  _C1RERRCNT = 0x39a
                    0x039b                  C1TERRCNT = 0x39b
                    0x039b                  _C1TERRCNT = 0x39b
                    0x03c0                  C2RXF0SID = 0x3c0
                    0x03c0                  _C2RXF0SID = 0x3c0
                    0x03c0                  _C2RXF0SIDbits = 0x3c0
                    0x03c2                  C2RXF0EIDH = 0x3c2
                    0x03c2                  _C2RXF0EIDH = 0x3c2
                    0x03c2                  _C2RXF0EIDHbits = 0x3c2
                    0x03c4                  C2RXF0EIDL = 0x3c4
                    0x03c4                  _C2RXF0EIDL = 0x3c4
                    0x03c4                  _C2RXF0EIDLbits = 0x3c4
                    0x03c8                  C2RXF1SID = 0x3c8
                    0x03c8                  _C2RXF1SID = 0x3c8
                    0x03c8                  _C2RXF1SIDbits = 0x3c8
                    0x03ca                  C2RXF1EIDH = 0x3ca
                    0x03ca                  _C2RXF1EIDH = 0x3ca
                    0x03ca                  _C2RXF1EIDHbits = 0x3ca
                    0x03cc                  C2RXF1EIDL = 0x3cc
                    0x03cc                  _C2RXF1EIDL = 0x3cc
                    0x03cc                  _C2RXF1EIDLbits = 0x3cc
                    0x03d0                  C2RXF2SID = 0x3d0
                    0x03d0                  _C2RXF2SID = 0x3d0
                    0x03d0                  _C2RXF2SIDbits = 0x3d0
                    0x03d2                  C2RXF2EIDH = 0x3d2
                    0x03d2                  _C2RXF2EIDH = 0x3d2
                    0x03d2                  _C2RXF2EIDHbits = 0x3d2
                    0x03d4                  C2RXF2EIDL = 0x3d4
                    0x03d4                  _C2RXF2EIDL = 0x3d4
                    0x03d4                  _C2RXF2EIDLbits = 0x3d4
                    0x03d8                  C2RXF3SID = 0x3d8
                    0x03d8                  _C2RXF3SID = 0x3d8
                    0x03d8                  _C2RXF3SIDbits = 0x3d8
                    0x03da                  C2RXF3EIDH = 0x3da
                    0x03da                  _C2RXF3EIDH = 0x3da
                    0x03da                  _C2RXF3EIDHbits = 0x3da
                    0x03dc                  C2RXF3EIDL = 0x3dc
                    0x03dc                  _C2RXF3EIDL = 0x3dc
                    0x03dc                  _C2RXF3EIDLbits = 0x3dc
                    0x03e0                  C2RXF4SID = 0x3e0
                    0x03e0                  _C2RXF4SID = 0x3e0
                    0x03e0                  _C2RXF4SIDbits = 0x3e0
                    0x03e2                  C2RXF4EIDH = 0x3e2
                    0x03e2                  _C2RXF4EIDH = 0x3e2
                    0x03e2                  _C2RXF4EIDHbits = 0x3e2
                    0x03e4                  C2RXF4EIDL = 0x3e4
                    0x03e4                  _C2RXF4EIDL = 0x3e4
                    0x03e4                  _C2RXF4EIDLbits = 0x3e4
                    0x03e8                  C2RXF5SID = 0x3e8
                    0x03e8                  _C2RXF5SID = 0x3e8
                    0x03e8                  _C2RXF5SIDbits = 0x3e8
                    0x03ea                  C2RXF5EIDH = 0x3ea
                    0x03ea                  _C2RXF5EIDH = 0x3ea
                    0x03ea                  _C2RXF5EIDHbits = 0x3ea
                    0x03ec                  C2RXF5EIDL = 0x3ec
                    0x03ec                  _C2RXF5EIDL = 0x3ec
                    0x03ec                  _C2RXF5EIDLbits = 0x3ec
                    0x03f0                  C2RXM0SID = 0x3f0
                    0x03f0                  _C2RXM0SID = 0x3f0
                    0x03f0                  _C2RXM0SIDbits = 0x3f0
                    0x03f2                  C2RXM0EIDH = 0x3f2
                    0x03f2                  _C2RXM0EIDH = 0x3f2
                    0x03f2                  _C2RXM0EIDHbits = 0x3f2
                    0x03f4                  C2RXM0EIDL = 0x3f4
                    0x03f4                  _C2RXM0EIDL = 0x3f4
                    0x03f4                  _C2RXM0EIDLbits = 0x3f4
                    0x03f8                  C2RXM1SID = 0x3f8
                    0x03f8                  _C2RXM1SID = 0x3f8
                    0x03f8                  _C2RXM1SIDbits = 0x3f8
                    0x03fa                  C2RXM1EIDH = 0x3fa
                    0x03fa                  _C2RXM1EIDH = 0x3fa
                    0x03fa                  _C2RXM1EIDHbits = 0x3fa
                    0x03fc                  C2RXM1EIDL = 0x3fc
                    0x03fc                  _C2RXM1EIDL = 0x3fc
                    0x03fc                  _C2RXM1EIDLbits = 0x3fc
                    0x0400                  C2TX2SID = 0x400
                    0x0400                  _C2TX2SID = 0x400
                    0x0400                  _C2TX2SIDbits = 0x400
                    0x0402                  C2TX2EID = 0x402
                    0x0402                  _C2TX2EID = 0x402
                    0x0402                  _C2TX2EIDbits = 0x402
                    0x0404                  C2TX2DLC = 0x404
                    0x0404                  _C2TX2DLC = 0x404
                    0x0404                  _C2TX2DLCbits = 0x404
                    0x0406                  C2TX2B1 = 0x406
                    0x0406                  _C2TX2B1 = 0x406
                    0x0406                  _C2TX2B1bits = 0x406
                    0x0408                  C2TX2B2 = 0x408
                    0x0408                  _C2TX2B2 = 0x408
                    0x0408                  _C2TX2B2bits = 0x408
                    0x040a                  C2TX2B3 = 0x40a
                    0x040a                  _C2TX2B3 = 0x40a
                    0x040a                  _C2TX2B3bits = 0x40a
                    0x040c                  C2TX2B4 = 0x40c
                    0x040c                  _C2TX2B4 = 0x40c
                    0x040c                  _C2TX2B4bits = 0x40c
                    0x040e                  C2TX2CON = 0x40e
                    0x040e                  _C2TX2CON = 0x40e
                    0x040e                  _C2TX2CONbits = 0x40e
                    0x0410                  C2TX1SID = 0x410
                    0x0410                  _C2TX1SID = 0x410
                    0x0410                  _C2TX1SIDbits = 0x410
                    0x0412                  C2TX1EID = 0x412
                    0x0412                  _C2TX1EID = 0x412
                    0x0412                  _C2TX1EIDbits = 0x412
                    0x0414                  C2TX1DLC = 0x414
                    0x0414                  _C2TX1DLC = 0x414
                    0x0414                  _C2TX1DLCbits = 0x414
                    0x0416                  C2TX1B1 = 0x416
                    0x0416                  _C2TX1B1 = 0x416
                    0x0416                  _C2TX1B1bits = 0x416
                    0x0418                  C2TX1B2 = 0x418
                    0x0418                  _C2TX1B2 = 0x418
                    0x0418                  _C2TX1B2bits = 0x418
                    0x041a                  C2TX1B3 = 0x41a
                    0x041a                  _C2TX1B3 = 0x41a
                    0x041a                  _C2TX1B3bits = 0x41a
                    0x041c                  C2TX1B4 = 0x41c
                    0x041c                  _C2TX1B4 = 0x41c
                    0x041c                  _C2TX1B4bits = 0x41c
                    0x041e                  C2TX1CON = 0x41e
                    0x041e                  _C2TX1CON = 0x41e
                    0x041e                  _C2TX1CONbits = 0x41e
                    0x0420                  C2TX0SID = 0x420
                    0x0420                  _C2TX0SID = 0x420
                    0x0420                  _C2TX0SIDbits = 0x420
                    0x0422                  C2TX0EID = 0x422
                    0x0422                  _C2TX0EID = 0x422
                    0x0422                  _C2TX0EIDbits = 0x422
                    0x0424                  C2TX0DLC = 0x424
                    0x0424                  _C2TX0DLC = 0x424
                    0x0424                  _C2TX0DLCbits = 0x424
                    0x0426                  C2TX0B1 = 0x426
                    0x0426                  _C2TX0B1 = 0x426
                    0x0426                  _C2TX0B1bits = 0x426
                    0x0428                  C2TX0B2 = 0x428
                    0x0428                  _C2TX0B2 = 0x428
                    0x0428                  _C2TX0B2bits = 0x428
                    0x042a                  C2TX0B3 = 0x42a
                    0x042a                  _C2TX0B3 = 0x42a
                    0x042a                  _C2TX0B3bits = 0x42a
                    0x042c                  C2TX0B4 = 0x42c
                    0x042c                  _C2TX0B4 = 0x42c
                    0x042c                  _C2TX0B4bits = 0x42c
                    0x042e                  C2TX0CON = 0x42e
                    0x042e                  _C2TX0CON = 0x42e
                    0x042e                  _C2TX0CONbits = 0x42e
                    0x0430                  C2RX1SID = 0x430
                    0x0430                  _C2RX1SID = 0x430
                    0x0430                  _C2RX1SIDbits = 0x430
                    0x0432                  C2RX1EID = 0x432
                    0x0432                  _C2RX1EID = 0x432
                    0x0432                  _C2RX1EIDbits = 0x432
                    0x0434                  C2RX1DLC = 0x434
                    0x0434                  _C2RX1DLC = 0x434
                    0x0434                  _C2RX1DLCbits = 0x434
                    0x0436                  C2RX1B1 = 0x436
                    0x0436                  _C2RX1B1 = 0x436
                    0x0436                  _C2RX1B1bits = 0x436
                    0x0438                  C2RX1B2 = 0x438
                    0x0438                  _C2RX1B2 = 0x438
                    0x0438                  _C2RX1B2bits = 0x438
                    0x043a                  C2RX1B3 = 0x43a
                    0x043a                  _C2RX1B3 = 0x43a
                    0x043a                  _C2RX1B3bits = 0x43a
                    0x043c                  C2RX1B4 = 0x43c
                    0x043c                  _C2RX1B4 = 0x43c
                    0x043c                  _C2RX1B4bits = 0x43c
                    0x043e                  C2RX1CON = 0x43e
                    0x043e                  _C2RX1CON = 0x43e
                    0x043e                  _C2RX1CONbits = 0x43e
                    0x0440                  C2RX0SID = 0x440
                    0x0440                  _C2RX0SID = 0x440
                    0x0440                  _C2RX0SIDbits = 0x440
                    0x0442                  C2RX0EID = 0x442
                    0x0442                  _C2RX0EID = 0x442
                    0x0442                  _C2RX0EIDbits = 0x442
                    0x0444                  C2RX0DLC = 0x444
                    0x0444                  _C2RX0DLC = 0x444
                    0x0444                  _C2RX0DLCbits = 0x444
                    0x0446                  C2RX0B1 = 0x446
                    0x0446                  _C2RX0B1 = 0x446
                    0x0446                  _C2RX0B1bits = 0x446
                    0x0448                  C2RX0B2 = 0x448
                    0x0448                  _C2RX0B2 = 0x448
                    0x0448                  _C2RX0B2bits = 0x448
                    0x044a                  C2RX0B3 = 0x44a
                    0x044a                  _C2RX0B3 = 0x44a
                    0x044a                  _C2RX0B3bits = 0x44a
                    0x044c                  C2RX0B4 = 0x44c
                    0x044c                  _C2RX0B4 = 0x44c
                    0x044c                  _C2RX0B4bits = 0x44c
                    0x044e                  C2RX0CON = 0x44e
                    0x044e                  _C2RX0CON = 0x44e
                    0x044e                  _C2RX0CONbits = 0x44e
                    0x0450                  C2CTRL = 0x450
                    0x0450                  _C2CTRL = 0x450
                    0x0450                  _C2CTRLbits = 0x450
                    0x0452                  C2CFG1 = 0x452
                    0x0452                  _C2CFG1 = 0x452
                    0x0452                  _C2CFG1bits = 0x452
                    0x0454                  C2CFG2 = 0x454
                    0x0454                  _C2CFG2 = 0x454
                    0x0454                  _C2CFG2bits = 0x454
                    0x0456                  C2INTF = 0x456
                    0x0456                  _C2INTF = 0x456
                    0x0456                  _C2INTFbits = 0x456
                    0x0458                  C2INTE = 0x458
                    0x0458                  _C2INTE = 0x458
                    0x0458                  _C2INTEbits = 0x458
                    0x045a                  C2EC = 0x45a
                    0x045a                  _C2EC = 0x45a
                    0x045a                  _C2ECbits = 0x45a
                    0x045a                  C2RERRCNT = 0x45a
                    0x045a                  _C2RERRCNT = 0x45a
                    0x045b                  C2TERRCNT = 0x45b
                    0x045b                  _C2TERRCNT = 0x45b
                    0x0740                  RCON = 0x740
                    0x0740                  _RCON = 0x740
                    0x0740                  _RCONbits = 0x740
                    0x0742                  OSCCON = 0x742
                    0x0742                  _OSCCON = 0x742
                    0x0742                  _OSCCONbits = 0x742
                    0x0742                  OSCCONL = 0x742
                    0x0742                  _OSCCONL = 0x742
                    0x0743                  OSCCONH = 0x743
                    0x0743                  _OSCCONH = 0x743
                    0x0744                  OSCTUN = 0x744
                    0x0744                  _OSCTUN = 0x744
                    0x0744                  _OSCTUNbits = 0x744
                    0x0750                  BSRAM = 0x750
                    0x0750                  _BSRAM = 0x750
                    0x0750                  _BSRAMbits = 0x750
                    0x0752                  SSRAM = 0x752
                    0x0752                  _SSRAM = 0x752
                    0x0752                  _SSRAMbits = 0x752
                    0x0760                  NVMCON = 0x760
                    0x0760                  _NVMCON = 0x760
                    0x0760                  _NVMCONbits = 0x760
                    0x0762                  NVMADR = 0x762
                    0x0762                  _NVMADR = 0x762
                    0x0764                  NVMADRU = 0x764
                    0x0764                  _NVMADRU = 0x764
                    0x0764                  _NVMADRUbits = 0x764
                    0x0766                  NVMKEY = 0x766
                    0x0766                  _NVMKEY = 0x766
                    0x0770                  PMD1 = 0x770
                    0x0770                  _PMD1 = 0x770
                    0x0770                  _PMD1bits = 0x770
                    0x0772                  PMD2 = 0x772
                    0x0772                  _PMD2 = 0x772
                    0x0772                  _PMD2bits = 0x772
                    0x0022                  ACCA = 0x22
                    0x0022                  _ACCA = 0x22
                    0x0028                  ACCB = 0x28
                    0x0028                  _ACCB = 0x28
                    0x0300                  CAN1 = 0x300
                    0x0300                  _CAN1 = 0x300
                    0x03c0                  CAN2 = 0x3c0
                    0x03c0                  _CAN2 = 0x3c0
                    0x0140                  IC1 = 0x140
                    0x0140                  _IC1 = 0x140
                    0x0144                  IC2 = 0x144
                    0x0144                  _IC2 = 0x144
                    0x0148                  IC3 = 0x148
                    0x0148                  _IC3 = 0x148
                    0x014c                  IC4 = 0x14c
                    0x014c                  _IC4 = 0x14c
                    0x0150                  IC5 = 0x150
                    0x0150                  _IC5 = 0x150
                    0x0154                  IC6 = 0x154
                    0x0154                  _IC6 = 0x154
                    0x0158                  IC7 = 0x158
                    0x0158                  _IC7 = 0x158
                    0x015c                  IC8 = 0x15c
                    0x015c                  _IC8 = 0x15c
                    0x0180                  OC1 = 0x180
                    0x0180                  _OC1 = 0x180
                    0x0186                  OC2 = 0x186
                    0x0186                  _OC2 = 0x186
                    0x018c                  OC3 = 0x18c
                    0x018c                  _OC3 = 0x18c
                    0x0192                  OC4 = 0x192
                    0x0192                  _OC4 = 0x192
                    0x0198                  OC5 = 0x198
                    0x0198                  _OC5 = 0x198
                    0x019e                  OC6 = 0x19e
                    0x019e                  _OC6 = 0x19e
                    0x01a4                  OC7 = 0x1a4
                    0x01a4                  _OC7 = 0x1a4
                    0x01aa                  OC8 = 0x1aa
                    0x01aa                  _OC8 = 0x1aa
                    0x0220                  SPI1 = 0x220
                    0x0220                  _SPI1 = 0x220
                    0x0226                  SPI2 = 0x226
                    0x0226                  _SPI2 = 0x226
                    0x020c                  UART1 = 0x20c
                    0x020c                  _UART1 = 0x20c
                    0x0216                  UART2 = 0x216
                    0x0216                  _UART2 = 0x216
START GROUP
LOAD /opt/microchip/xc16/v1.50/bin/bin/../../lib/liblega-pic30-elf.a
LOAD /opt/microchip/xc16/v1.50/bin/bin/../../lib/libm-elf.a
LOAD /opt/microchip/xc16/v1.50/bin/bin/../../lib/liblega-c-elf.a
END GROUP
OUTPUT(dist/default/production/jr_wav_music2.X.production.elf elf32-pic30)
LOAD /CW/_FGSxê›
LOAD /CW/_FSShú›
LOAD /CW/_FBSè¨œ
LOAD jump_table
LOAD default_isr
LOAD data_init

.debug_pubtypes
                  0x0001b0        0x4e0
 .debug_pubtypes
                  0x0001b0         0xba build/default/production/_ext/1472/e_I2C_master_module.o
 .debug_pubtypes
                  0x00026a         0x12 build/default/production/_ext/1472/e_I2C_protocol.o
 .debug_pubtypes
                  0x00027c        0x172 build/default/production/_ext/1472/e_ad_conv.o
 .debug_pubtypes
                  0x0003ee        0x14b build/default/production/_ext/1472/e_init_port.o
 .debug_pubtypes
                  0x000539         0x59 build/default/production/_ext/1472/e_led.o
 .debug_pubtypes
                  0x000592         0x12 build/default/production/_ext/1472/e_lsm330.o
 .debug_pubtypes
                  0x0005a4         0x12 build/default/production/_ext/1472/e_prox.o
 .debug_pubtypes
                  0x0005b6         0x3c build/default/production/_ext/1472/e_sound.o
 .debug_pubtypes
                  0x0005f2         0x3c build/default/production/_ext/1472/e_wav_music2.o
 .debug_pubtypes
                  0x00062e         0x12 build/default/production/_ext/1472/main_c.o
 .debug_pubtypes
                  0x000640         0x3e build/default/production/_ext/1472/utility_mod3.o
 .debug_pubtypes
                  0x00067e         0x12 build/default/production/_ext/1472/btcom.o

__c30_signature
                  0x000690        0x1bc
 __c30_signature
                  0x000690          0x6 build/default/production/_ext/1472/e_I2C_master_module.o
 __c30_signature
                  0x000696          0x6 build/default/production/_ext/1472/e_I2C_protocol.o
 __c30_signature
                  0x00069c          0x6 build/default/production/_ext/1472/e_ad_conv.o
 __c30_signature
                  0x0006a2          0x6 build/default/production/_ext/1472/e_init_port.o
 __c30_signature
                  0x0006a8          0x6 build/default/production/_ext/1472/e_led.o
 __c30_signature
                  0x0006ae          0x6 build/default/production/_ext/1472/e_lsm330.o
 __c30_signature
                  0x0006b4          0x6 build/default/production/_ext/1472/e_prox.o
 __c30_signature
                  0x0006ba          0x6 build/default/production/_ext/1472/e_sound.o
 __c30_signature
                  0x0006c0          0x6 build/default/production/_ext/1472/e_wav_music2.o
 __c30_signature
                  0x0006c6          0x6 build/default/production/_ext/1472/main_c.o
 __c30_signature
                  0x0006cc          0x6 build/default/production/_ext/1472/utility_mod3.o
 __c30_signature
                  0x0006d2          0x6 build/default/production/_ext/1472/btcom.o
 __c30_signature
                  0x0006d8          0x6 /opt/microchip/xc16/v1.50/bin/bin/../../lib/liblega-pic30-elf.a(crt0_standard.o)
 __c30_signature
                  0x0006de          0x6 /opt/microchip/xc16/v1.50/bin/bin/../../lib/liblega-pic30-elf.a(data_init_standard.o)
 __c30_signature
                  0x0006e4          0x6 /opt/microchip/xc16/v1.50/bin/bin/../../lib/libm-elf.a(addsf3.eo)
 __c30_signature
                  0x0006ea          0x6 /opt/microchip/xc16/v1.50/bin/bin/../../lib/libm-elf.a(divsf3.eo)
 __c30_signature
                  0x0006f0          0x6 /opt/microchip/xc16/v1.50/bin/bin/../../lib/libm-elf.a(fgtge.eo)
 __c30_signature
                  0x0006f6          0x6 /opt/microchip/xc16/v1.50/bin/bin/../../lib/libm-elf.a(fixsfsi.eo)
 __c30_signature
                  0x0006fc          0x6 /opt/microchip/xc16/v1.50/bin/bin/../../lib/libm-elf.a(fixunssfsi.eo)
 __c30_signature
                  0x000702          0x6 /opt/microchip/xc16/v1.50/bin/bin/../../lib/libm-elf.a(floatsisf.eo)
 __c30_signature
                  0x000708          0x6 /opt/microchip/xc16/v1.50/bin/bin/../../lib/libm-elf.a(floatunsisf.eo)
 __c30_signature
                  0x00070e          0x6 /opt/microchip/xc16/v1.50/bin/bin/../../lib/libm-elf.a(fpack.eo)
 __c30_signature
                  0x000714          0x6 /opt/microchip/xc16/v1.50/bin/bin/../../lib/libm-elf.a(funpack.eo)
 __c30_signature
                  0x00071a          0x6 /opt/microchip/xc16/v1.50/bin/bin/../../lib/libm-elf.a(funpack2.eo)
 __c30_signature